"Stock Symbol","Count","Acquire Date","Purchase Price In Currency","Purchase Price In Lev"
"AAPL","0.14","2020-08-17","66.24","109.29"
"AMD","0.57","2020-09-25","43.18","72.60"
"AMD","110.00","2020-10-06","9561.42","15854.65"
"AMD","0.44","2020-10-06","38.58","63.97"
"NVDA","64.00","2020-11-09","9318.24","15336.98"
"VTRS","5.00","2020-11-20","0.00","0.00"
"TST","15.00","2020-12-31","750.00","1195.40"
